// Jest Snapshot v1, https://goo.gl/fbAQLP

exports[`<App /> renders correctly 1`] = `
<div
  className="App"
>
  <div
    className="img-1"
    id="home"
  />
  <div
    className="anchor"
    id="aboutMe"
  />
  <div
    className="section-1"
  >
    <div
      className="opening"
    >
      <span
        className="opening-span"
      >
        <div
          className="img-holder"
        >
          <img
            alt="Wedding Pic"
            className="opening-self-pic"
            src=""
          />
        </div>
        <div
          className="opening-paragraph-wrapper"
        >
          <div>
            <b>
              Connor Ludwig - Staff Software Engineer
            </b>
          </div>
          <div
            className="opening-paragraph"
          >
            I'm a versatile and results-driven Full-stack Software Engineer with over 8 years of experience, currently leading technical initiatives at Built Technologies. My expertise spans:
            <ul>
              <li>
                Event-driven architectures and high-throughput systems
              </li>
              <li>
                Cloud-native applications and distributed systems
              </li>
              <li>
                Data platforms and real-time analytics
              </li>
              <li>
                Full-stack development (React, Node.js, Python, Java)
              </li>
              <li>
                Technical leadership and mentorship
              </li>
            </ul>
            Notable achievements:
            <ul>
              <li>
                Led eventing data consistency project unlocking 
                &gt;
                5M in ARR
              </li>
              <li>
                Released novel Saas license management system managing 
                &gt;
                100M in ARR
              </li>
              <li>
                Mentored many junior engineers and coached them through promotion processes
              </li>
            </ul>
            I thrive in collaborative environments where I can leverage my technical expertise to mentor team members and drive innovation. My approach combines technical excellence with a focus on delivering business value through scalable, maintainable solutions.
          </div>
        </div>
      </span>
    </div>
  </div>
  <div
    className="anchor"
    id="resume"
  />
  <div
    className="img-2"
  >
    <div
      className="center"
    />
  </div>
  <div
    className="anchor"
    id="listening_to"
  />
  <div
    className="section-spotify-trends"
  >
    <div
      className="spotify-trends-container"
    >
      <div
        className="react-multi-carousel-list carousel-container "
        dir="ltr"
      >
        <ul
          className="react-multi-carousel-track "
          onMouseDown={[Function]}
          onMouseEnter={[Function]}
          onMouseLeave={[Function]}
          onMouseMove={[Function]}
          onMouseUp={[Function]}
          onTouchEnd={[Function]}
          onTouchMove={[Function]}
          onTouchStart={[Function]}
          style={
            {
              "overflow": "unset",
              "transform": "translate3d(0px,0,0)",
              "transition": "none",
            }
          }
        />
      </div>
    </div>
  </div>
  <div
    className="section-1"
  >
    <div
      className="default-paragraph"
      style={
        {
          "paddingBottom": "0",
          "paddingTop": "0",
        }
      }
    >
      <div
        style={
          {
            "fontSize": "1.2rem",
            "fontWeight": 500,
            "textAlign": "center",
          }
        }
      >
        <span
          className="tech-label"
          style={
            {
              "display": "block",
              "fontSize": "1.4rem",
              "marginBottom": "1rem",
            }
          }
        >
          Certifications
        </span>
        <span
          className="certifications"
        >
          AWS Developer Associate • AWS Solutions Architect Associate • Python for Data Science • Blue River Machine Learning & AI
        </span>
      </div>
    </div>
  </div>
  <div
    className="anchor"
    id="contactCard"
  />
  <div
    className="img-card"
  />
  <div
    className="anchor"
    id="projects"
  />
  <div
    className="img-catalog"
  >
    <div
      className="projects-section"
    >
      <h2
        className="section-title"
      >
        Featured Projects
      </h2>
      <div
        className="projects-grid"
      >
        <div
          className="project-card"
        >
          <div
            className="project-header"
          >
            <h3>
              Real-time Financial Processing
            </h3>
            <span
              className="project-date"
            >
              2024
            </span>
          </div>
          <div
            className="project-content"
          >
            <p>
              Event-driven solution processing complex financial calculations with focus on accuracy and low-latency. Core project with 1-month turnaround to meet tight product release timeline.
            </p>
            <div
              className="tech-stack"
            >
              <a
                href="https://aws.amazon.com"
                rel="noopener noreferrer"
                target="_blank"
              >
                <span>
                  AWS
                </span>
              </a>
              <a
                href="https://flink.apache.org"
                rel="noopener noreferrer"
                target="_blank"
              >
                <span>
                  PyFlink
                </span>
              </a>
              <a
                href="https://kafka.apache.org"
                rel="noopener noreferrer"
                target="_blank"
              >
                <span>
                  Kafka
                </span>
              </a>
              <a
                href="https://aws.amazon.com/lambda"
                rel="noopener noreferrer"
                target="_blank"
              >
                <span>
                  Lambda
                </span>
              </a>
            </div>
          </div>
        </div>
        <div
          className="project-card"
        >
          <div
            className="project-header"
          >
            <h3>
              Licensing API Platform
            </h3>
            <span
              className="project-date"
            >
              2021-2023
            </span>
          </div>
          <div
            className="project-content"
          >
            <p>
              Implemented novel licensing API platform enabling seamless ordering of embedded technologies. Included IoT license delivery, elevated data collection, and expanded product marketing options.
            </p>
            <div
              className="tech-stack"
            >
              <a
                href="https://aws.amazon.com"
                rel="noopener noreferrer"
                target="_blank"
              >
                <span>
                  AWS
                </span>
              </a>
              <a
                href="https://nodejs.org"
                rel="noopener noreferrer"
                target="_blank"
              >
                <span>
                  Node.js
                </span>
              </a>
              <a
                href="https://developers.google.com/protocol-buffers"
                rel="noopener noreferrer"
                target="_blank"
              >
                <span>
                  Protobuf
                </span>
              </a>
              <a
                href="https://aws.amazon.com/iot"
                rel="noopener noreferrer"
                target="_blank"
              >
                <span>
                  IoT
                </span>
              </a>
            </div>
          </div>
        </div>
        <div
          className="project-card"
        >
          <div
            className="project-header"
          >
            <h3>
              Enterprise Data Catalog
            </h3>
            <span
              className="project-date"
            >
              2019-2021
            </span>
          </div>
          <div
            className="project-content"
          >
            <p>
              Created modern web application to simplify data discovery, governance, and management for enterprise data lake. App housed 1,000s of datasets with API integrations for data management.
            </p>
            <div
              className="tech-stack"
            >
              <a
                href="https://aws.amazon.com"
                rel="noopener noreferrer"
                target="_blank"
              >
                <span>
                  AWS
                </span>
              </a>
              <a
                href="https://reactjs.org"
                rel="noopener noreferrer"
                target="_blank"
              >
                <span>
                  React
                </span>
              </a>
              <a
                href="https://nextjs.org"
                rel="noopener noreferrer"
                target="_blank"
              >
                <span>
                  Next.js
                </span>
              </a>
              <a
                href="https://spark.apache.org"
                rel="noopener noreferrer"
                target="_blank"
              >
                <span>
                  Spark
                </span>
              </a>
            </div>
          </div>
        </div>
      </div>
    </div>
  </div>
  <div
    className="built-section"
  >
    <div>
      <div
        className="built"
      >
        Built with
      </div>
      <div>
        <span>
          <a
            href="https://reactjs.org"
          >
            <img
              alt="React logo"
              className="App-logo"
              src=""
            />
          </a>
          <a
            href="https://nodejs.org/en/docs/guides/getting-started-guide/"
          >
            <img
              alt="Node logo"
              className="default-logo"
              src=""
            />
          </a>
          <a
            href="https://github.com/cjlludwig"
          >
            <img
              alt="Github logo"
              className="default-logo"
              src=""
            />
          </a>
          <a
            href="https://www.docker.com/get-started/"
          >
            <img
              alt="Docker logo"
              className="default-logo"
              src=""
            />
          </a>
          <a
            href="https://analytics.google.com/analytics/web/"
          >
            <img
              alt="Google Analytics logo"
              className="default-logo"
              src=""
            />
          </a>
          <a
            href="https://code.visualstudio.com/"
          >
            <img
              alt="Vs Code logo"
              className="default-logo"
              src=""
            />
          </a>
          <a
            href="https://www.flaticon.com/free-icons/http"
          >
            <img
              alt="Flaticon logo"
              className="default-logo"
              src="https://media.flaticon.com/dist/min/img/logo/flaticon_negative.svg"
            />
          </a>
        </span>
      </div>
      <img
        alt="Personal logo"
        className="personal-logo"
        src=""
        style={
          {
            "padding": "10px",
          }
        }
      />
      <div
        className="mobile-spacer"
      />
    </div>
  </div>
</div>
`;
