// Jest Snapshot v1, https://goo.gl/fbAQLP

exports[`<ContactCard /> renders correctly 1`] = `
<div
  className="contact-card-wrapper"
>
  <div
    className="contact-card"
  >
    <div
      className="contact-header"
    >
      <img
        alt="Connor Ludwig"
        className="profile-img"
        src=""
      />
      <div
        className="header-content"
      >
        <h2
          className="name"
        >
          Connor J Ludwig
        </h2>
        <p
          className="title"
        >
          Staff Software Engineer
        </p>
      </div>
    </div>
    <div
      className="contact-content"
    >
      <div
        className="contact-item"
      >
        <i
          className="fas fa-envelope"
        />
        <a
          href="mailto:cjlludwig@gmail.com"
        >
          cjlludwig@gmail.com
        </a>
      </div>
      <div
        className="contact-item"
      >
        <i
          className="fab fa-github"
        />
        <a
          href="https://github.com/cjlludwig"
          rel="noopener noreferrer"
          target="_blank"
        >
          github.com/cjlludwig
        </a>
      </div>
      <div
        className="contact-item"
      >
        <i
          className="fab fa-linkedin"
        />
        <a
          href="https://www.linkedin.com/in/connor-ludwig/"
          rel="noopener noreferrer"
          target="_blank"
        >
          linkedin.com/in/connor-ludwig
        </a>
      </div>
    </div>
  </div>
</div>
`;
