// Jest Snapshot v1, https://goo.gl/fbAQLP

exports[`<LinkCatalog /> renders correctly 1`] = `
<div
  className="link-catalog-wrapper"
>
  <h3
    className="link-header"
  >
    Favorite Tools
  </h3>
  <h3
    className="link-header"
    style={
      {
        "paddingTop": "15px",
      }
    }
  >
    Tech News Sources
  </h3>
  <h3
    className="link-header"
    style={
      {
        "paddingTop": "15px",
      }
    }
  >
    Interesting Articles
  </h3>
</div>
`;
